// Jest Snapshot v1, https://goo.gl/fbAQLP

exports[`Snapshot: items의 수만큼 목록이 표시되었는지 확인 1`] = `
<div>
  <div>
    <h2>
      기사 목록
    </h2>
    <ul>
      <li>
        <h3>
          TypeScript를 사용한 테스트 작성법
        </h3>
        <p>
          테스트 작성시 TypeScript를 사용하면 테스트의 유지보수가 쉬워진다
        </p>
        <a
          href="/articles/howto-testing-with-typescript"
        >
          더 알아보기
        </a>
      </li>
      <li>
        <h3>
          Next.js의 Link 컴포넌트
        </h3>
        <p>
          Next.js는 화면을 이동할 때 Link 컴포넌트를 사용한다
        </p>
        <a
          href="/articles/nextjs-link-component"
        >
          더 알아보기
        </a>
      </li>
      <li>
        <h3>
          Jest로 시작하는 React 컴포넌트 테스트
        </h3>
        <p>
          Jest는 단위 테스트처럼 UI 컴포넌트를 테스트할 수 있다
        </p>
        <a
          href="/articles/react-component-testing-with-jest"
        >
          더 알아보기
        </a>
      </li>
    </ul>
  </div>
</div>
`;
